
****** Vivado v2024.2 (64-bit)
  **** SW Build 5239630 on Fri Nov 08 22:34:34 MST 2024
  **** IP Build 5239520 on Sun Nov 10 16:12:51 MST 2024
  **** SharedData Build 5239561 on Fri Nov 08 14:39:27 MST 2024
  **** Start of session at: Wed May 13 21:30:35 2026
    ** Copyright 1986-2022 Xilinx, Inc. All Rights Reserved.
    ** Copyright 2022-2024 Advanced Micro Devices, Inc. All Rights Reserved.

source synth_emeye.tcl
# set proj_name "emeye_accel_synth"
# set proj_dir "/home/eea/emeye_synth/${proj_name}"
# set rtl_dir "/home/eea/emeye_synth/fpga_accel/rtl"
# file mkdir $proj_dir
# create_project -force $proj_name $proj_dir -part xc7z010clg400-2
# add_files -norecurse [glob $rtl_dir/*.v]
# update_compile_order -fileset sources_1
# set_property top emeye_accel_top [current_fileset]
# synth_design -top emeye_accel_top -part xc7z010clg400-2 -mode out_of_context
Command: synth_design -top emeye_accel_top -part xc7z010clg400-2 -mode out_of_context
Starting synth_design
Attempting to get a license for feature 'Synthesis' and/or device 'xc7z010'
INFO: [Common 17-349] Got license for feature 'Synthesis' and/or device 'xc7z010'
INFO: [Synth 8-7079] Multithreading enabled for synth_design using a maximum of 7 processes.
INFO: [Synth 8-7078] Launching helper process for spawning children vivado processes
INFO: [Synth 8-7075] Helper process launched with PID 2743429
---------------------------------------------------------------------------------
Starting Synthesize : Time (s): cpu = 00:00:06 ; elapsed = 00:00:06 . Memory (MB): peak = 1739.965 ; gain = 330.859 ; free physical = 18845 ; free virtual = 225992
---------------------------------------------------------------------------------
INFO: [Synth 8-6157] synthesizing module 'emeye_accel_top' [/home/eea/emeye_synth/fpga_accel/rtl/emeye_accel_top.v:32]
INFO: [Synth 8-6157] synthesizing module 'magnitude_jpl' [/home/eea/emeye_synth/fpga_accel/rtl/magnitude_jpl.v:23]
	Parameter IN_WIDTH bound to: 12 - type: integer 
	Parameter OUT_WIDTH bound to: 12 - type: integer 
INFO: [Synth 8-6155] done synthesizing module 'magnitude_jpl' (0#1) [/home/eea/emeye_synth/fpga_accel/rtl/magnitude_jpl.v:23]
INFO: [Synth 8-6157] synthesizing module 'cic_decimator' [/home/eea/emeye_synth/fpga_accel/rtl/cic_decimator.v:24]
	Parameter IN_WIDTH bound to: 12 - type: integer 
	Parameter OUT_WIDTH bound to: 12 - type: integer 
	Parameter DEC_RATE bound to: 8 - type: integer 
	Parameter LOG2_DEC bound to: 3 - type: integer 
INFO: [Synth 8-6155] done synthesizing module 'cic_decimator' (0#1) [/home/eea/emeye_synth/fpga_accel/rtl/cic_decimator.v:24]
INFO: [Synth 8-6157] synthesizing module 'frame_sync' [/home/eea/emeye_synth/fpga_accel/rtl/frame_sync.v:27]
	Parameter DATA_WIDTH bound to: 12 - type: integer 
	Parameter FRAME_IDX_W bound to: 16 - type: integer 
INFO: [Synth 8-6155] done synthesizing module 'frame_sync' (0#1) [/home/eea/emeye_synth/fpga_accel/rtl/frame_sync.v:27]
INFO: [Synth 8-6155] done synthesizing module 'emeye_accel_top' (0#1) [/home/eea/emeye_synth/fpga_accel/rtl/emeye_accel_top.v:32]
---------------------------------------------------------------------------------
Finished Synthesize : Time (s): cpu = 00:00:08 ; elapsed = 00:00:09 . Memory (MB): peak = 1814.902 ; gain = 405.797 ; free physical = 18738 ; free virtual = 225886
---------------------------------------------------------------------------------
---------------------------------------------------------------------------------
Finished Constraint Validation : Time (s): cpu = 00:00:09 ; elapsed = 00:00:10 . Memory (MB): peak = 1829.746 ; gain = 420.641 ; free physical = 18775 ; free virtual = 225923
---------------------------------------------------------------------------------
---------------------------------------------------------------------------------
Start Loading Part and Timing Information
---------------------------------------------------------------------------------
Loading part: xc7z010clg400-2
INFO: [Device 21-403] Loading part xc7z010clg400-2
---------------------------------------------------------------------------------
Finished Loading Part and Timing Information : Time (s): cpu = 00:00:09 ; elapsed = 00:00:10 . Memory (MB): peak = 1837.750 ; gain = 428.645 ; free physical = 18775 ; free virtual = 225923
---------------------------------------------------------------------------------
---------------------------------------------------------------------------------
Finished RTL Optimization Phase 2 : Time (s): cpu = 00:00:10 ; elapsed = 00:00:10 . Memory (MB): peak = 1854.664 ; gain = 445.559 ; free physical = 18696 ; free virtual = 225844
---------------------------------------------------------------------------------
No constraint files found.
---------------------------------------------------------------------------------
Start RTL Component Statistics 
---------------------------------------------------------------------------------
Detailed RTL Component Info : 
+---Adders : 
	   4 Input   16 Bit       Adders := 2     
	   2 Input   15 Bit       Adders := 2     
	   3 Input   13 Bit       Adders := 2     
	   2 Input   12 Bit       Adders := 4     
	   2 Input    4 Bit       Adders := 2     
	   2 Input    3 Bit       Adders := 2     
+---Registers : 
	               32 Bit    Registers := 1     
	               16 Bit    Registers := 4     
	               13 Bit    Registers := 2     
	               12 Bit    Registers := 48    
	                4 Bit    Registers := 2     
	                3 Bit    Registers := 2     
	                1 Bit    Registers := 21    
+---Muxes : 
	   4 Input   32 Bit        Muxes := 1     
	   2 Input   32 Bit        Muxes := 6     
	   2 Input   14 Bit        Muxes := 1     
	   2 Input   12 Bit        Muxes := 8     
	   2 Input    3 Bit        Muxes := 2     
	   2 Input    1 Bit        Muxes := 67    
	   4 Input    1 Bit        Muxes := 2     
	   5 Input    1 Bit        Muxes := 1     
---------------------------------------------------------------------------------
Finished RTL Component Statistics 
---------------------------------------------------------------------------------
---------------------------------------------------------------------------------
Start Part Resource Summary
---------------------------------------------------------------------------------
Part Resources:
DSPs: 80 (col length:40)
BRAMs: 120 (col length: RAMB18 40 RAMB36 20)
---------------------------------------------------------------------------------
Finished Part Resource Summary
---------------------------------------------------------------------------------
No constraint files found.
---------------------------------------------------------------------------------
Start Cross Boundary and Area Optimization
---------------------------------------------------------------------------------
WARNING: [Synth 8-7080] Parallel synthesis criteria is not met
---------------------------------------------------------------------------------
Finished Cross Boundary and Area Optimization : Time (s): cpu = 00:00:18 ; elapsed = 00:00:18 . Memory (MB): peak = 1994.625 ; gain = 585.520 ; free physical = 18685 ; free virtual = 225833
---------------------------------------------------------------------------------
No constraint files found.
---------------------------------------------------------------------------------
Start Timing Optimization
---------------------------------------------------------------------------------
---------------------------------------------------------------------------------
Finished Timing Optimization : Time (s): cpu = 00:00:18 ; elapsed = 00:00:19 . Memory (MB): peak = 1994.625 ; gain = 585.520 ; free physical = 18686 ; free virtual = 225835
---------------------------------------------------------------------------------
---------------------------------------------------------------------------------
Start Technology Mapping
---------------------------------------------------------------------------------
---------------------------------------------------------------------------------
Finished Technology Mapping : Time (s): cpu = 00:00:18 ; elapsed = 00:00:19 . Memory (MB): peak = 1994.625 ; gain = 585.520 ; free physical = 18689 ; free virtual = 225838
---------------------------------------------------------------------------------
---------------------------------------------------------------------------------
Start IO Insertion
---------------------------------------------------------------------------------
---------------------------------------------------------------------------------
Start Flattening Before IO Insertion
---------------------------------------------------------------------------------
---------------------------------------------------------------------------------
Finished Flattening Before IO Insertion
---------------------------------------------------------------------------------
---------------------------------------------------------------------------------
Start Final Netlist Cleanup
---------------------------------------------------------------------------------
---------------------------------------------------------------------------------
Finished Final Netlist Cleanup
---------------------------------------------------------------------------------
---------------------------------------------------------------------------------
Finished IO Insertion : Time (s): cpu = 00:00:24 ; elapsed = 00:00:24 . Memory (MB): peak = 2131.438 ; gain = 722.332 ; free physical = 18568 ; free virtual = 225813
---------------------------------------------------------------------------------
---------------------------------------------------------------------------------
Start Renaming Generated Instances
---------------------------------------------------------------------------------
---------------------------------------------------------------------------------
Finished Renaming Generated Instances : Time (s): cpu = 00:00:24 ; elapsed = 00:00:24 . Memory (MB): peak = 2131.438 ; gain = 722.332 ; free physical = 18568 ; free virtual = 225817
---------------------------------------------------------------------------------
---------------------------------------------------------------------------------
Start Rebuilding User Hierarchy
---------------------------------------------------------------------------------
---------------------------------------------------------------------------------
Finished Rebuilding User Hierarchy : Time (s): cpu = 00:00:24 ; elapsed = 00:00:24 . Memory (MB): peak = 2131.438 ; gain = 722.332 ; free physical = 18536 ; free virtual = 225809
---------------------------------------------------------------------------------
---------------------------------------------------------------------------------
Start Renaming Generated Ports
---------------------------------------------------------------------------------
---------------------------------------------------------------------------------
Finished Renaming Generated Ports : Time (s): cpu = 00:00:24 ; elapsed = 00:00:24 . Memory (MB): peak = 2131.438 ; gain = 722.332 ; free physical = 18536 ; free virtual = 225809
---------------------------------------------------------------------------------
---------------------------------------------------------------------------------
Start Handling Custom Attributes
---------------------------------------------------------------------------------
---------------------------------------------------------------------------------
Finished Handling Custom Attributes : Time (s): cpu = 00:00:24 ; elapsed = 00:00:24 . Memory (MB): peak = 2131.438 ; gain = 722.332 ; free physical = 18520 ; free virtual = 225811
---------------------------------------------------------------------------------
---------------------------------------------------------------------------------
Start Renaming Generated Nets
---------------------------------------------------------------------------------
---------------------------------------------------------------------------------
Finished Renaming Generated Nets : Time (s): cpu = 00:00:24 ; elapsed = 00:00:24 . Memory (MB): peak = 2131.438 ; gain = 722.332 ; free physical = 18520 ; free virtual = 225811
---------------------------------------------------------------------------------
---------------------------------------------------------------------------------
Start Writing Synthesis Report
---------------------------------------------------------------------------------

Report BlackBoxes: 
+-+--------------+----------+
| |BlackBox name |Instances |
+-+--------------+----------+
+-+--------------+----------+

Report Cell Usage: 
+------+-------+------+
|      |Cell   |Count |
+------+-------+------+
|1     |CARRY4 |    68|
|2     |LUT1   |    13|
|3     |LUT2   |   134|
|4     |LUT3   |    97|
|5     |LUT4   |    94|
|6     |LUT5   |    67|
|7     |LUT6   |   112|
|8     |MUXF7  |    48|
|9     |MUXF8  |    24|
|10    |FDRE   |   821|
+------+-------+------+

Report Instance Areas: 
+------+-------------+----------------+------+
|      |Instance     |Module          |Cells |
+------+-------------+----------------+------+
|1     |top          |                |  1478|
|2     |  u_dec_ch1  |cic_decimator   |    54|
|3     |  u_dec_ch2  |cic_decimator_0 |    54|
|4     |  u_mag_ch1  |magnitude_jpl   |   193|
|5     |  u_mag_ch2  |magnitude_jpl_1 |   193|
|6     |  u_sync_ch1 |frame_sync      |   428|
|7     |  u_sync_ch2 |frame_sync_2    |   429|
+------+-------------+----------------+------+
---------------------------------------------------------------------------------
Finished Writing Synthesis Report : Time (s): cpu = 00:00:24 ; elapsed = 00:00:24 . Memory (MB): peak = 2131.438 ; gain = 722.332 ; free physical = 18512 ; free virtual = 225812
---------------------------------------------------------------------------------
Synthesis finished with 0 errors, 0 critical warnings and 1 warnings.
Synthesis Optimization Runtime : Time (s): cpu = 00:00:24 ; elapsed = 00:00:24 . Memory (MB): peak = 2131.438 ; gain = 722.332 ; free physical = 18489 ; free virtual = 225810
Synthesis Optimization Complete : Time (s): cpu = 00:00:24 ; elapsed = 00:00:24 . Memory (MB): peak = 2131.445 ; gain = 722.332 ; free physical = 18489 ; free virtual = 225810
INFO: [Project 1-571] Translating synthesized netlist
Netlist sorting complete. Time (s): cpu = 00:00:00.01 ; elapsed = 00:00:00.02 . Memory (MB): peak = 2145.312 ; gain = 0.000 ; free physical = 18706 ; free virtual = 226154
INFO: [Netlist 29-17] Analyzing 140 Unisim elements for replacement
INFO: [Netlist 29-28] Unisim Transformation completed in 0 CPU seconds
INFO: [Project 1-570] Preparing netlist for logic optimization
INFO: [Opt 31-138] Pushed 0 inverter(s) to 0 load pin(s).
Netlist sorting complete. Time (s): cpu = 00:00:00 ; elapsed = 00:00:00 . Memory (MB): peak = 2292.965 ; gain = 0.000 ; free physical = 18383 ; free virtual = 225871
INFO: [Project 1-111] Unisim Transformation Summary:
No Unisim elements were transformed.

Synth Design complete | Checksum: 4af0e6a9
INFO: [Common 17-83] Releasing license: Synthesis
20 Infos, 1 Warnings, 0 Critical Warnings and 0 Errors encountered.
synth_design completed successfully
synth_design: Time (s): cpu = 00:00:30 ; elapsed = 00:00:27 . Memory (MB): peak = 2292.965 ; gain = 883.859 ; free physical = 18418 ; free virtual = 225866
INFO: [Common 17-2834] synth_design peak Physical Memory [PSS] (MB): overall = 1768.178; main = 1768.178; forked = 325.172
INFO: [Common 17-2834] synth_design peak Virtual Memory [VSS] (MB): overall = 2913.078; main = 2292.969; forked = 918.449
# puts "============================================================"
============================================================
# puts "  UTILIZATION REPORT"
  UTILIZATION REPORT
# puts "============================================================"
============================================================
# report_utilization -hierarchical -hierarchical_depth 2
Copyright 1986-2022 Xilinx, Inc. All Rights Reserved. Copyright 2022-2024 Advanced Micro Devices, Inc. All Rights Reserved.
---------------------------------------------------------------------------------------------------------------------------------------------
| Tool Version : Vivado v.2024.2 (lin64) Build 5239630 Fri Nov 08 22:34:34 MST 2024
| Date         : Wed May 13 21:31:11 2026
| Host         : 413ubuntu running 64-bit Ubuntu 24.04.2 LTS
| Command      : report_utilization -hierarchical -hierarchical_depth 2
| Design       : emeye_accel_top
| Device       : xc7z010clg400-2
| Speed File   : -2
| Design State : Synthesized
---------------------------------------------------------------------------------------------------------------------------------------------

Utilization Design Information

Table of Contents
-----------------
1. Utilization by Hierarchy

1. Utilization by Hierarchy
---------------------------

+---------------------+-----------------+------------+------------+---------+------+-----+--------+--------+------------+
|       Instance      |      Module     | Total LUTs | Logic LUTs | LUTRAMs | SRLs | FFs | RAMB36 | RAMB18 | DSP Blocks |
+---------------------+-----------------+------------+------------+---------+------+-----+--------+--------+------------+
| emeye_accel_top     |           (top) |        422 |        422 |       0 |    0 | 821 |      0 |      0 |          0 |
|   (emeye_accel_top) |           (top) |         33 |         33 |       0 |    0 |  93 |      0 |      0 |          0 |
|   u_dec_ch1         |   cic_decimator |         17 |         17 |       0 |    0 |  31 |      0 |      0 |          0 |
|   u_dec_ch2         | cic_decimator_0 |         17 |         17 |       0 |    0 |  31 |      0 |      0 |          0 |
|   u_mag_ch1         |   magnitude_jpl |         76 |         76 |       0 |    0 |  74 |      0 |      0 |          0 |
|   u_mag_ch2         | magnitude_jpl_1 |         76 |         76 |       0 |    0 |  74 |      0 |      0 |          0 |
|   u_sync_ch1        |      frame_sync |        101 |        101 |       0 |    0 | 259 |      0 |      0 |          0 |
|   u_sync_ch2        |    frame_sync_2 |        102 |        102 |       0 |    0 | 259 |      0 |      0 |          0 |
+---------------------+-----------------+------------+------------+---------+------+-----+--------+--------+------------+


# puts "============================================================"
============================================================
# puts "  TIMING SUMMARY (default 100 MHz clock)"
  TIMING SUMMARY (default 100 MHz clock)
# puts "============================================================"
============================================================
# create_clock -period 10.0 -name clk [get_ports clk]
# report_timing_summary -delay_type min_max -max_paths 5
INFO: [Timing 38-35] Done setting XDC timing constraints.
INFO: [Timing 38-91] UpdateTimingParams: Speed grade: -2, Delay Type: min_max.
INFO: [Timing 38-191] Multithreading enabled for timing update using a maximum of 8 CPUs
WARNING: [Timing 38-242] The property HD.CLK_SRC of clock port "clk" is not set. In out-of-context mode, this prevents timing estimation for clock delay/skew
Resolution: Set the HD.CLK_SRC property of the out-of-context port to the location of the clock buffer instance in the top-level design
Copyright 1986-2022 Xilinx, Inc. All Rights Reserved. Copyright 2022-2024 Advanced Micro Devices, Inc. All Rights Reserved.
---------------------------------------------------------------------------------------------------------------------------------------------
| Tool Version : Vivado v.2024.2 (lin64) Build 5239630 Fri Nov 08 22:34:34 MST 2024
| Date         : Wed May 13 21:31:21 2026
| Host         : 413ubuntu running 64-bit Ubuntu 24.04.2 LTS
| Command      : report_timing_summary -delay_type min_max -max_paths 5
| Design       : emeye_accel_top
| Device       : 7z010-clg400
| Speed File   : -2  PRODUCTION 1.12 2019-11-22
| Design State : Synthesized
---------------------------------------------------------------------------------------------------------------------------------------------

Timing Summary Report

------------------------------------------------------------------------------------------------
| Timer Settings
| --------------
------------------------------------------------------------------------------------------------

  Enable Multi Corner Analysis               :  Yes
  Enable Pessimism Removal                   :  Yes
  Pessimism Removal Resolution               :  Nearest Common Node
  Enable Input Delay Default Clock           :  No
  Enable Preset / Clear Arcs                 :  No
  Disable Flight Delays                      :  No
  Ignore I/O Paths                           :  No
  Timing Early Launch at Borrowing Latches   :  No
  Borrow Time for Max Delay Exceptions       :  Yes
  Merge Timing Exceptions                    :  Yes
  Inter-SLR Compensation                     :  Conservative

  Corner  Analyze    Analyze    
  Name    Max Paths  Min Paths  
  ------  ---------  ---------  
  Slow    Yes        Yes        
  Fast    Yes        Yes        


------------------------------------------------------------------------------------------------
| Report Methodology
| ------------------
------------------------------------------------------------------------------------------------

No report available as report_methodology has not been run prior. Run report_methodology on the current design for the summary of methodology violations.



check_timing report

Table of Contents
-----------------
1. checking no_clock (0)
2. checking constant_clock (0)
3. checking pulse_width_clock (0)
4. checking unconstrained_internal_endpoints (0)
5. checking no_input_delay (64)
6. checking no_output_delay (32)
7. checking multiple_clock (0)
8. checking generated_clocks (0)
9. checking loops (0)
10. checking partial_input_delay (0)
11. checking partial_output_delay (0)
12. checking latch_loops (0)

1. checking no_clock (0)
------------------------
 There are 0 register/latch pins with no clock.


2. checking constant_clock (0)
------------------------------
 There are 0 register/latch pins with constant_clock.


3. checking pulse_width_clock (0)
---------------------------------
 There are 0 register/latch pins which need pulse_width check


4. checking unconstrained_internal_endpoints (0)
------------------------------------------------
 There are 0 pins that are not constrained for maximum delay.

 There are 0 pins that are not constrained for maximum delay due to constant clock.


5. checking no_input_delay (64)
-------------------------------
 There are 64 input ports with no input delay specified. (HIGH)

 There are 0 input ports with no input delay but user has a false path constraint.


6. checking no_output_delay (32)
--------------------------------
 There are 32 ports with no output delay specified. (HIGH)

 There are 0 ports with no output delay but user has a false path constraint

 There are 0 ports with no output delay but with a timing clock defined on it or propagating through it


7. checking multiple_clock (0)
------------------------------
 There are 0 register/latch pins with multiple clocks.


8. checking generated_clocks (0)
--------------------------------
 There are 0 generated clocks that are not connected to a clock source.


9. checking loops (0)
---------------------
 There are 0 combinational loops in the design.


10. checking partial_input_delay (0)
------------------------------------
 There are 0 input ports with partial input delay specified.


11. checking partial_output_delay (0)
-------------------------------------
 There are 0 ports with partial output delay specified.


12. checking latch_loops (0)
----------------------------
 There are 0 combinational latch loops in the design through latch input



------------------------------------------------------------------------------------------------
| Design Timing Summary
| ---------------------
------------------------------------------------------------------------------------------------

    WNS(ns)      TNS(ns)  TNS Failing Endpoints  TNS Total Endpoints      WHS(ns)      THS(ns)  THS Failing Endpoints  THS Total Endpoints     WPWS(ns)     TPWS(ns)  TPWS Failing Endpoints  TPWS Total Endpoints  
    -------      -------  ---------------------  -------------------      -------      -------  ---------------------  -------------------     --------     --------  ----------------------  --------------------  
      6.183        0.000                      0                 1486        0.242        0.000                      0                 1486        4.500        0.000                       0                   821  


All user specified timing constraints are met.


------------------------------------------------------------------------------------------------
| Clock Summary
| -------------
------------------------------------------------------------------------------------------------

Clock  Waveform(ns)       Period(ns)      Frequency(MHz)
-----  ------------       ----------      --------------
clk    {0.000 5.000}      10.000          100.000         


------------------------------------------------------------------------------------------------
| Intra Clock Table
| -----------------
------------------------------------------------------------------------------------------------

Clock             WNS(ns)      TNS(ns)  TNS Failing Endpoints  TNS Total Endpoints      WHS(ns)      THS(ns)  THS Failing Endpoints  THS Total Endpoints     WPWS(ns)     TPWS(ns)  TPWS Failing Endpoints  TPWS Total Endpoints  
-----             -------      -------  ---------------------  -------------------      -------      -------  ---------------------  -------------------     --------     --------  ----------------------  --------------------  
clk                 6.183        0.000                      0                 1486        0.242        0.000                      0                 1486        4.500        0.000                       0                   821  


------------------------------------------------------------------------------------------------
| Inter Clock Table
| -----------------
------------------------------------------------------------------------------------------------

From Clock    To Clock          WNS(ns)      TNS(ns)  TNS Failing Endpoints  TNS Total Endpoints      WHS(ns)      THS(ns)  THS Failing Endpoints  THS Total Endpoints  
----------    --------          -------      -------  ---------------------  -------------------      -------      -------  ---------------------  -------------------  


------------------------------------------------------------------------------------------------
| Other Path Groups Table
| -----------------------
------------------------------------------------------------------------------------------------

Path Group    From Clock    To Clock          WNS(ns)      TNS(ns)  TNS Failing Endpoints  TNS Total Endpoints      WHS(ns)      THS(ns)  THS Failing Endpoints  THS Total Endpoints  
----------    ----------    --------          -------      -------  ---------------------  -------------------      -------      -------  ---------------------  -------------------  


------------------------------------------------------------------------------------------------
| Timing Details
| --------------
------------------------------------------------------------------------------------------------


---------------------------------------------------------------------------------------------------
From Clock:  clk
  To Clock:  clk

Setup :            0  Failing Endpoints,  Worst Slack        6.183ns,  Total Violation        0.000ns
Hold  :            0  Failing Endpoints,  Worst Slack        0.242ns,  Total Violation        0.000ns
PW    :            0  Failing Endpoints,  Worst Slack        4.500ns,  Total Violation        0.000ns
---------------------------------------------------------------------------------------------------


Max Delay Paths
--------------------------------------------------------------------------------------
Slack (MET) :             6.183ns  (required time - arrival time)
  Source:                 u_sync_ch1/window_reg[7][3]/C
                            (rising edge-triggered cell FDRE clocked by clk  {rise@0.000ns fall@5.000ns period=10.000ns})
  Destination:            u_sync_ch1/win_sum_reg[15]/D
                            (rising edge-triggered cell FDRE clocked by clk  {rise@0.000ns fall@5.000ns period=10.000ns})
  Path Group:             clk
  Path Type:              Setup (Max at Slow Process Corner)
  Requirement:            10.000ns  (clk rise@10.000ns - clk rise@0.000ns)
  Data Path Delay:        3.843ns  (logic 2.283ns (59.407%)  route 1.560ns (40.593%))
  Logic Levels:           8  (CARRY4=3 LUT3=1 LUT4=1 LUT6=1 MUXF7=1 MUXF8=1)
  Clock Path Skew:        -0.039ns (DCD - SCD + CPR)
    Destination Clock Delay (DCD):    0.748ns = ( 10.748 - 10.000 ) 
    Source Clock Delay      (SCD):    0.787ns
    Clock Pessimism Removal (CPR):    0.000ns
  Clock Uncertainty:      0.035ns  ((TSJ^2 + TIJ^2)^1/2 + DJ) / 2 + PE
    Total System Jitter     (TSJ):    0.071ns
    Total Input Jitter      (TIJ):    0.000ns
    Discrete Jitter          (DJ):    0.000ns
    Phase Error              (PE):    0.000ns

    Location             Delay type                Incr(ns)  Path(ns)    Netlist Resource(s)
  -------------------------------------------------------------------    -------------------
                         (clock clk rise edge)        0.000     0.000 r  
                                                      0.000     0.000 r  clk (IN)
                         net (fo=820, unset)          0.787     0.787    u_sync_ch1/clk
                         FDRE                                         r  u_sync_ch1/window_reg[7][3]/C
  -------------------------------------------------------------------    -------------------
                         FDRE (Prop_fdre_C_Q)         0.415     1.202 f  u_sync_ch1/window_reg[7][3]/Q
                         net (fo=1, unplaced)         0.779     1.981    u_sync_ch1/window_reg[7][3]
                         LUT6 (Prop_lut6_I0_O)        0.232     2.213 f  u_sync_ch1/win_sum0_carry_i_33/O
                         net (fo=1, unplaced)         0.000     2.213    u_sync_ch1/win_sum0_carry_i_33_n_0
                         MUXF7 (Prop_muxf7_I1_O)      0.206     2.419 f  u_sync_ch1/win_sum0_carry_i_18/O
                         net (fo=1, unplaced)         0.000     2.419    u_sync_ch1/win_sum0_carry_i_18_n_0
                         MUXF8 (Prop_muxf8_I0_O)      0.082     2.501 f  u_sync_ch1/win_sum0_carry_i_11/O
                         net (fo=2, unplaced)         0.251     2.752    u_sync_ch1/window__179[3]
                         LUT3 (Prop_lut3_I0_O)        0.262     3.014 r  u_sync_ch1/win_sum0_carry__0_i_4/O
                         net (fo=2, unplaced)         0.530     3.544    u_sync_ch1/win_sum0_carry__0_i_4_n_0
                         LUT4 (Prop_lut4_I3_O)        0.286     3.830 r  u_sync_ch1/win_sum0_carry__0_i_8/O
                         net (fo=1, unplaced)         0.000     3.830    u_sync_ch1/win_sum0_carry__0_i_8_n_0
                         CARRY4 (Prop_carry4_S[0]_CO[3])
                                                      0.423     4.253 r  u_sync_ch1/win_sum0_carry__0/CO[3]
                         net (fo=1, unplaced)         0.000     4.253    u_sync_ch1/win_sum0_carry__0_n_0
                         CARRY4 (Prop_carry4_CI_CO[3])
                                                      0.100     4.353 r  u_sync_ch1/win_sum0_carry__1/CO[3]
                         net (fo=1, unplaced)         0.000     4.353    u_sync_ch1/win_sum0_carry__1_n_0
                         CARRY4 (Prop_carry4_CI_O[3])
                                                      0.277     4.630 r  u_sync_ch1/win_sum0_carry__2/O[3]
                         net (fo=1, unplaced)         0.000     4.630    u_sync_ch1/win_sum0_carry__2_n_4
                         FDRE                                         r  u_sync_ch1/win_sum_reg[15]/D
  -------------------------------------------------------------------    -------------------

                         (clock clk rise edge)       10.000    10.000 r  
                                                      0.000    10.000 r  clk (IN)
                         net (fo=820, unset)          0.748    10.748    u_sync_ch1/clk
                         FDRE                                         r  u_sync_ch1/win_sum_reg[15]/C
                         clock pessimism              0.000    10.748    
                         clock uncertainty           -0.035    10.712    
                         FDRE (Setup_fdre_C_D)        0.101    10.813    u_sync_ch1/win_sum_reg[15]
  -------------------------------------------------------------------
                         required time                         10.813    
                         arrival time                          -4.630    
  -------------------------------------------------------------------
                         slack                                  6.183    

Slack (MET) :             6.183ns  (required time - arrival time)
  Source:                 u_sync_ch2/window_reg[7][3]/C
                            (rising edge-triggered cell FDRE clocked by clk  {rise@0.000ns fall@5.000ns period=10.000ns})
  Destination:            u_sync_ch2/win_sum_reg[15]/D
                            (rising edge-triggered cell FDRE clocked by clk  {rise@0.000ns fall@5.000ns period=10.000ns})
  Path Group:             clk
  Path Type:              Setup (Max at Slow Process Corner)
  Requirement:            10.000ns  (clk rise@10.000ns - clk rise@0.000ns)
  Data Path Delay:        3.843ns  (logic 2.283ns (59.407%)  route 1.560ns (40.593%))
  Logic Levels:           8  (CARRY4=3 LUT3=1 LUT4=1 LUT6=1 MUXF7=1 MUXF8=1)
  Clock Path Skew:        -0.039ns (DCD - SCD + CPR)
    Destination Clock Delay (DCD):    0.748ns = ( 10.748 - 10.000 ) 
    Source Clock Delay      (SCD):    0.787ns
    Clock Pessimism Removal (CPR):    0.000ns
  Clock Uncertainty:      0.035ns  ((TSJ^2 + TIJ^2)^1/2 + DJ) / 2 + PE
    Total System Jitter     (TSJ):    0.071ns
    Total Input Jitter      (TIJ):    0.000ns
    Discrete Jitter          (DJ):    0.000ns
    Phase Error              (PE):    0.000ns

    Location             Delay type                Incr(ns)  Path(ns)    Netlist Resource(s)
  -------------------------------------------------------------------    -------------------
                         (clock clk rise edge)        0.000     0.000 r  
                                                      0.000     0.000 r  clk (IN)
                         net (fo=820, unset)          0.787     0.787    u_sync_ch2/clk
                         FDRE                                         r  u_sync_ch2/window_reg[7][3]/C
  -------------------------------------------------------------------    -------------------
                         FDRE (Prop_fdre_C_Q)         0.415     1.202 f  u_sync_ch2/window_reg[7][3]/Q
                         net (fo=1, unplaced)         0.779     1.981    u_sync_ch2/window_reg_n_0_[7][3]
                         LUT6 (Prop_lut6_I0_O)        0.232     2.213 f  u_sync_ch2/win_sum0_carry_i_33__0/O
                         net (fo=1, unplaced)         0.000     2.213    u_sync_ch2/win_sum0_carry_i_33__0_n_0
                         MUXF7 (Prop_muxf7_I1_O)      0.206     2.419 f  u_sync_ch2/win_sum0_carry_i_18__0/O
                         net (fo=1, unplaced)         0.000     2.419    u_sync_ch2/win_sum0_carry_i_18__0_n_0
                         MUXF8 (Prop_muxf8_I0_O)      0.082     2.501 f  u_sync_ch2/win_sum0_carry_i_11__0/O
                         net (fo=2, unplaced)         0.251     2.752    u_sync_ch2/window__179[3]
                         LUT3 (Prop_lut3_I0_O)        0.262     3.014 r  u_sync_ch2/win_sum0_carry__0_i_4__0/O
                         net (fo=2, unplaced)         0.530     3.544    u_sync_ch2/win_sum0_carry__0_i_4__0_n_0
                         LUT4 (Prop_lut4_I3_O)        0.286     3.830 r  u_sync_ch2/win_sum0_carry__0_i_8__0/O
                         net (fo=1, unplaced)         0.000     3.830    u_sync_ch2/win_sum0_carry__0_i_8__0_n_0
                         CARRY4 (Prop_carry4_S[0]_CO[3])
                                                      0.423     4.253 r  u_sync_ch2/win_sum0_carry__0/CO[3]
                         net (fo=1, unplaced)         0.000     4.253    u_sync_ch2/win_sum0_carry__0_n_0
                         CARRY4 (Prop_carry4_CI_CO[3])
                                                      0.100     4.353 r  u_sync_ch2/win_sum0_carry__1/CO[3]
                         net (fo=1, unplaced)         0.000     4.353    u_sync_ch2/win_sum0_carry__1_n_0
                         CARRY4 (Prop_carry4_CI_O[3])
                                                      0.277     4.630 r  u_sync_ch2/win_sum0_carry__2/O[3]
                         net (fo=1, unplaced)         0.000     4.630    u_sync_ch2/win_sum0_carry__2_n_4
                         FDRE                                         r  u_sync_ch2/win_sum_reg[15]/D
  -------------------------------------------------------------------    -------------------

                         (clock clk rise edge)       10.000    10.000 r  
                                                      0.000    10.000 r  clk (IN)
                         net (fo=820, unset)          0.748    10.748    u_sync_ch2/clk
                         FDRE                                         r  u_sync_ch2/win_sum_reg[15]/C
                         clock pessimism              0.000    10.748    
                         clock uncertainty           -0.035    10.712    
                         FDRE (Setup_fdre_C_D)        0.101    10.813    u_sync_ch2/win_sum_reg[15]
  -------------------------------------------------------------------
                         required time                         10.813    
                         arrival time                          -4.630    
  -------------------------------------------------------------------
                         slack                                  6.183    

Slack (MET) :             6.191ns  (required time - arrival time)
  Source:                 u_sync_ch1/window_reg[7][3]/C
                            (rising edge-triggered cell FDRE clocked by clk  {rise@0.000ns fall@5.000ns period=10.000ns})
  Destination:            u_sync_ch1/win_sum_reg[13]/D
                            (rising edge-triggered cell FDRE clocked by clk  {rise@0.000ns fall@5.000ns period=10.000ns})
  Path Group:             clk
  Path Type:              Setup (Max at Slow Process Corner)
  Requirement:            10.000ns  (clk rise@10.000ns - clk rise@0.000ns)
  Data Path Delay:        3.835ns  (logic 2.275ns (59.322%)  route 1.560ns (40.678%))
  Logic Levels:           8  (CARRY4=3 LUT3=1 LUT4=1 LUT6=1 MUXF7=1 MUXF8=1)
  Clock Path Skew:        -0.039ns (DCD - SCD + CPR)
    Destination Clock Delay (DCD):    0.748ns = ( 10.748 - 10.000 ) 
    Source Clock Delay      (SCD):    0.787ns
    Clock Pessimism Removal (CPR):    0.000ns
  Clock Uncertainty:      0.035ns  ((TSJ^2 + TIJ^2)^1/2 + DJ) / 2 + PE
    Total System Jitter     (TSJ):    0.071ns
    Total Input Jitter      (TIJ):    0.000ns
    Discrete Jitter          (DJ):    0.000ns
    Phase Error              (PE):    0.000ns

    Location             Delay type                Incr(ns)  Path(ns)    Netlist Resource(s)
  -------------------------------------------------------------------    -------------------
                         (clock clk rise edge)        0.000     0.000 r  
                                                      0.000     0.000 r  clk (IN)
                         net (fo=820, unset)          0.787     0.787    u_sync_ch1/clk
                         FDRE                                         r  u_sync_ch1/window_reg[7][3]/C
  -------------------------------------------------------------------    -------------------
                         FDRE (Prop_fdre_C_Q)         0.415     1.202 f  u_sync_ch1/window_reg[7][3]/Q
                         net (fo=1, unplaced)         0.779     1.981    u_sync_ch1/window_reg[7][3]
                         LUT6 (Prop_lut6_I0_O)        0.232     2.213 f  u_sync_ch1/win_sum0_carry_i_33/O
                         net (fo=1, unplaced)         0.000     2.213    u_sync_ch1/win_sum0_carry_i_33_n_0
                         MUXF7 (Prop_muxf7_I1_O)      0.206     2.419 f  u_sync_ch1/win_sum0_carry_i_18/O
                         net (fo=1, unplaced)         0.000     2.419    u_sync_ch1/win_sum0_carry_i_18_n_0
                         MUXF8 (Prop_muxf8_I0_O)      0.082     2.501 f  u_sync_ch1/win_sum0_carry_i_11/O
                         net (fo=2, unplaced)         0.251     2.752    u_sync_ch1/window__179[3]
                         LUT3 (Prop_lut3_I0_O)        0.262     3.014 r  u_sync_ch1/win_sum0_carry__0_i_4/O
                         net (fo=2, unplaced)         0.530     3.544    u_sync_ch1/win_sum0_carry__0_i_4_n_0
                         LUT4 (Prop_lut4_I3_O)        0.286     3.830 r  u_sync_ch1/win_sum0_carry__0_i_8/O
                         net (fo=1, unplaced)         0.000     3.830    u_sync_ch1/win_sum0_carry__0_i_8_n_0
                         CARRY4 (Prop_carry4_S[0]_CO[3])
                                                      0.423     4.253 r  u_sync_ch1/win_sum0_carry__0/CO[3]
                         net (fo=1, unplaced)         0.000     4.253    u_sync_ch1/win_sum0_carry__0_n_0
                         CARRY4 (Prop_carry4_CI_CO[3])
                                                      0.100     4.353 r  u_sync_ch1/win_sum0_carry__1/CO[3]
                         net (fo=1, unplaced)         0.000     4.353    u_sync_ch1/win_sum0_carry__1_n_0
                         CARRY4 (Prop_carry4_CI_O[1])
                                                      0.269     4.622 r  u_sync_ch1/win_sum0_carry__2/O[1]
                         net (fo=1, unplaced)         0.000     4.622    u_sync_ch1/win_sum0_carry__2_n_6
                         FDRE                                         r  u_sync_ch1/win_sum_reg[13]/D
  -------------------------------------------------------------------    -------------------

                         (clock clk rise edge)       10.000    10.000 r  
                                                      0.000    10.000 r  clk (IN)
                         net (fo=820, unset)          0.748    10.748    u_sync_ch1/clk
                         FDRE                                         r  u_sync_ch1/win_sum_reg[13]/C
                         clock pessimism              0.000    10.748    
                         clock uncertainty           -0.035    10.712    
                         FDRE (Setup_fdre_C_D)        0.101    10.813    u_sync_ch1/win_sum_reg[13]
  -------------------------------------------------------------------
                         required time                         10.813    
                         arrival time                          -4.622    
  -------------------------------------------------------------------
                         slack                                  6.191    

Slack (MET) :             6.191ns  (required time - arrival time)
  Source:                 u_sync_ch2/window_reg[7][3]/C
                            (rising edge-triggered cell FDRE clocked by clk  {rise@0.000ns fall@5.000ns period=10.000ns})
  Destination:            u_sync_ch2/win_sum_reg[13]/D
                            (rising edge-triggered cell FDRE clocked by clk  {rise@0.000ns fall@5.000ns period=10.000ns})
  Path Group:             clk
  Path Type:              Setup (Max at Slow Process Corner)
  Requirement:            10.000ns  (clk rise@10.000ns - clk rise@0.000ns)
  Data Path Delay:        3.835ns  (logic 2.275ns (59.322%)  route 1.560ns (40.678%))
  Logic Levels:           8  (CARRY4=3 LUT3=1 LUT4=1 LUT6=1 MUXF7=1 MUXF8=1)
  Clock Path Skew:        -0.039ns (DCD - SCD + CPR)
    Destination Clock Delay (DCD):    0.748ns = ( 10.748 - 10.000 ) 
    Source Clock Delay      (SCD):    0.787ns
    Clock Pessimism Removal (CPR):    0.000ns
  Clock Uncertainty:      0.035ns  ((TSJ^2 + TIJ^2)^1/2 + DJ) / 2 + PE
    Total System Jitter     (TSJ):    0.071ns
    Total Input Jitter      (TIJ):    0.000ns
    Discrete Jitter          (DJ):    0.000ns
    Phase Error              (PE):    0.000ns

    Location             Delay type                Incr(ns)  Path(ns)    Netlist Resource(s)
  -------------------------------------------------------------------    -------------------
                         (clock clk rise edge)        0.000     0.000 r  
                                                      0.000     0.000 r  clk (IN)
                         net (fo=820, unset)          0.787     0.787    u_sync_ch2/clk
                         FDRE                                         r  u_sync_ch2/window_reg[7][3]/C
  -------------------------------------------------------------------    -------------------
                         FDRE (Prop_fdre_C_Q)         0.415     1.202 f  u_sync_ch2/window_reg[7][3]/Q
                         net (fo=1, unplaced)         0.779     1.981    u_sync_ch2/window_reg_n_0_[7][3]
                         LUT6 (Prop_lut6_I0_O)        0.232     2.213 f  u_sync_ch2/win_sum0_carry_i_33__0/O
                         net (fo=1, unplaced)         0.000     2.213    u_sync_ch2/win_sum0_carry_i_33__0_n_0
                         MUXF7 (Prop_muxf7_I1_O)      0.206     2.419 f  u_sync_ch2/win_sum0_carry_i_18__0/O
                         net (fo=1, unplaced)         0.000     2.419    u_sync_ch2/win_sum0_carry_i_18__0_n_0
                         MUXF8 (Prop_muxf8_I0_O)      0.082     2.501 f  u_sync_ch2/win_sum0_carry_i_11__0/O
                         net (fo=2, unplaced)         0.251     2.752    u_sync_ch2/window__179[3]
                         LUT3 (Prop_lut3_I0_O)        0.262     3.014 r  u_sync_ch2/win_sum0_carry__0_i_4__0/O
                         net (fo=2, unplaced)         0.530     3.544    u_sync_ch2/win_sum0_carry__0_i_4__0_n_0
                         LUT4 (Prop_lut4_I3_O)        0.286     3.830 r  u_sync_ch2/win_sum0_carry__0_i_8__0/O
                         net (fo=1, unplaced)         0.000     3.830    u_sync_ch2/win_sum0_carry__0_i_8__0_n_0
                         CARRY4 (Prop_carry4_S[0]_CO[3])
                                                      0.423     4.253 r  u_sync_ch2/win_sum0_carry__0/CO[3]
                         net (fo=1, unplaced)         0.000     4.253    u_sync_ch2/win_sum0_carry__0_n_0
                         CARRY4 (Prop_carry4_CI_CO[3])
                                                      0.100     4.353 r  u_sync_ch2/win_sum0_carry__1/CO[3]
                         net (fo=1, unplaced)         0.000     4.353    u_sync_ch2/win_sum0_carry__1_n_0
                         CARRY4 (Prop_carry4_CI_O[1])
                                                      0.269     4.622 r  u_sync_ch2/win_sum0_carry__2/O[1]
                         net (fo=1, unplaced)         0.000     4.622    u_sync_ch2/win_sum0_carry__2_n_6
                         FDRE                                         r  u_sync_ch2/win_sum_reg[13]/D
  -------------------------------------------------------------------    -------------------

                         (clock clk rise edge)       10.000    10.000 r  
                                                      0.000    10.000 r  clk (IN)
                         net (fo=820, unset)          0.748    10.748    u_sync_ch2/clk
                         FDRE                                         r  u_sync_ch2/win_sum_reg[13]/C
                         clock pessimism              0.000    10.748    
                         clock uncertainty           -0.035    10.712    
                         FDRE (Setup_fdre_C_D)        0.101    10.813    u_sync_ch2/win_sum_reg[13]
  -------------------------------------------------------------------
                         required time                         10.813    
                         arrival time                          -4.622    
  -------------------------------------------------------------------
                         slack                                  6.191    

Slack (MET) :             6.246ns  (required time - arrival time)
  Source:                 u_sync_ch1/window_reg[7][3]/C
                            (rising edge-triggered cell FDRE clocked by clk  {rise@0.000ns fall@5.000ns period=10.000ns})
  Destination:            u_sync_ch1/win_sum_reg[14]/D
                            (rising edge-triggered cell FDRE clocked by clk  {rise@0.000ns fall@5.000ns period=10.000ns})
  Path Group:             clk
  Path Type:              Setup (Max at Slow Process Corner)
  Requirement:            10.000ns  (clk rise@10.000ns - clk rise@0.000ns)
  Data Path Delay:        3.780ns  (logic 2.220ns (58.730%)  route 1.560ns (41.270%))
  Logic Levels:           8  (CARRY4=3 LUT3=1 LUT4=1 LUT6=1 MUXF7=1 MUXF8=1)
  Clock Path Skew:        -0.039ns (DCD - SCD + CPR)
    Destination Clock Delay (DCD):    0.748ns = ( 10.748 - 10.000 ) 
    Source Clock Delay      (SCD):    0.787ns
    Clock Pessimism Removal (CPR):    0.000ns
  Clock Uncertainty:      0.035ns  ((TSJ^2 + TIJ^2)^1/2 + DJ) / 2 + PE
    Total System Jitter     (TSJ):    0.071ns
    Total Input Jitter      (TIJ):    0.000ns
    Discrete Jitter          (DJ):    0.000ns
    Phase Error              (PE):    0.000ns

    Location             Delay type                Incr(ns)  Path(ns)    Netlist Resource(s)
  -------------------------------------------------------------------    -------------------
                         (clock clk rise edge)        0.000     0.000 r  
                                                      0.000     0.000 r  clk (IN)
                         net (fo=820, unset)          0.787     0.787    u_sync_ch1/clk
                         FDRE                                         r  u_sync_ch1/window_reg[7][3]/C
  -------------------------------------------------------------------    -------------------
                         FDRE (Prop_fdre_C_Q)         0.415     1.202 f  u_sync_ch1/window_reg[7][3]/Q
                         net (fo=1, unplaced)         0.779     1.981    u_sync_ch1/window_reg[7][3]
                         LUT6 (Prop_lut6_I0_O)        0.232     2.213 f  u_sync_ch1/win_sum0_carry_i_33/O
                         net (fo=1, unplaced)         0.000     2.213    u_sync_ch1/win_sum0_carry_i_33_n_0
                         MUXF7 (Prop_muxf7_I1_O)      0.206     2.419 f  u_sync_ch1/win_sum0_carry_i_18/O
                         net (fo=1, unplaced)         0.000     2.419    u_sync_ch1/win_sum0_carry_i_18_n_0
                         MUXF8 (Prop_muxf8_I0_O)      0.082     2.501 f  u_sync_ch1/win_sum0_carry_i_11/O
                         net (fo=2, unplaced)         0.251     2.752    u_sync_ch1/window__179[3]
                         LUT3 (Prop_lut3_I0_O)        0.262     3.014 r  u_sync_ch1/win_sum0_carry__0_i_4/O
                         net (fo=2, unplaced)         0.530     3.544    u_sync_ch1/win_sum0_carry__0_i_4_n_0
                         LUT4 (Prop_lut4_I3_O)        0.286     3.830 r  u_sync_ch1/win_sum0_carry__0_i_8/O
                         net (fo=1, unplaced)         0.000     3.830    u_sync_ch1/win_sum0_carry__0_i_8_n_0
                         CARRY4 (Prop_carry4_S[0]_CO[3])
                                                      0.423     4.253 r  u_sync_ch1/win_sum0_carry__0/CO[3]
                         net (fo=1, unplaced)         0.000     4.253    u_sync_ch1/win_sum0_carry__0_n_0
                         CARRY4 (Prop_carry4_CI_CO[3])
                                                      0.100     4.353 r  u_sync_ch1/win_sum0_carry__1/CO[3]
                         net (fo=1, unplaced)         0.000     4.353    u_sync_ch1/win_sum0_carry__1_n_0
                         CARRY4 (Prop_carry4_CI_O[2])
                                                      0.214     4.567 r  u_sync_ch1/win_sum0_carry__2/O[2]
                         net (fo=1, unplaced)         0.000     4.567    u_sync_ch1/win_sum0_carry__2_n_5
                         FDRE                                         r  u_sync_ch1/win_sum_reg[14]/D
  -------------------------------------------------------------------    -------------------

                         (clock clk rise edge)       10.000    10.000 r  
                                                      0.000    10.000 r  clk (IN)
                         net (fo=820, unset)          0.748    10.748    u_sync_ch1/clk
                         FDRE                                         r  u_sync_ch1/win_sum_reg[14]/C
                         clock pessimism              0.000    10.748    
                         clock uncertainty           -0.035    10.712    
                         FDRE (Setup_fdre_C_D)        0.101    10.813    u_sync_ch1/win_sum_reg[14]
  -------------------------------------------------------------------
                         required time                         10.813    
                         arrival time                          -4.567    
  -------------------------------------------------------------------
                         slack                                  6.246    





Min Delay Paths
--------------------------------------------------------------------------------------
Slack (MET) :             0.242ns  (arrival time - required time)
  Source:                 ch2_pend_mag_reg[0]/C
                            (rising edge-triggered cell FDRE clocked by clk  {rise@0.000ns fall@5.000ns period=10.000ns})
  Destination:            m_axis_tdata_reg[0]/D
                            (rising edge-triggered cell FDRE clocked by clk  {rise@0.000ns fall@5.000ns period=10.000ns})
  Path Group:             clk
  Path Type:              Hold (Min at Fast Process Corner)
  Requirement:            0.000ns  (clk rise@0.000ns - clk rise@0.000ns)
  Data Path Delay:        0.375ns  (logic 0.256ns (68.264%)  route 0.119ns (31.737%))
  Logic Levels:           1  (LUT5=1)
  Clock Path Skew:        0.021ns (DCD - SCD - CPR)
    Destination Clock Delay (DCD):    0.411ns
    Source Clock Delay      (SCD):    0.390ns
    Clock Pessimism Removal (CPR):    -0.000ns

    Location             Delay type                Incr(ns)  Path(ns)    Netlist Resource(s)
  -------------------------------------------------------------------    -------------------
                         (clock clk rise edge)        0.000     0.000 r  
                                                      0.000     0.000 r  clk (IN)
                         net (fo=820, unset)          0.390     0.390    clk
                         FDRE                                         r  ch2_pend_mag_reg[0]/C
  -------------------------------------------------------------------    -------------------
                         FDRE (Prop_fdre_C_Q)         0.158     0.548 r  ch2_pend_mag_reg[0]/Q
                         net (fo=1, unplaced)         0.119     0.667    ch2_pend_mag[0]
                         LUT5 (Prop_lut5_I4_O)        0.098     0.765 r  m_axis_tdata[0]_i_1/O
                         net (fo=1, unplaced)         0.000     0.765    p_2_in[0]
                         FDRE                                         r  m_axis_tdata_reg[0]/D
  -------------------------------------------------------------------    -------------------

                         (clock clk rise edge)        0.000     0.000 r  
                                                      0.000     0.000 r  clk (IN)
                         net (fo=820, unset)          0.411     0.411    clk
                         FDRE                                         r  m_axis_tdata_reg[0]/C
                         clock pessimism              0.000     0.411    
                         FDRE (Hold_fdre_C_D)         0.112     0.523    m_axis_tdata_reg[0]
  -------------------------------------------------------------------
                         required time                         -0.523    
                         arrival time                           0.765    
  -------------------------------------------------------------------
                         slack                                  0.242    

Slack (MET) :             0.242ns  (arrival time - required time)
  Source:                 ch2_pend_mag_reg[10]/C
                            (rising edge-triggered cell FDRE clocked by clk  {rise@0.000ns fall@5.000ns period=10.000ns})
  Destination:            m_axis_tdata_reg[10]/D
                            (rising edge-triggered cell FDRE clocked by clk  {rise@0.000ns fall@5.000ns period=10.000ns})
  Path Group:             clk
  Path Type:              Hold (Min at Fast Process Corner)
  Requirement:            0.000ns  (clk rise@0.000ns - clk rise@0.000ns)
  Data Path Delay:        0.375ns  (logic 0.256ns (68.264%)  route 0.119ns (31.737%))
  Logic Levels:           1  (LUT5=1)
  Clock Path Skew:        0.021ns (DCD - SCD - CPR)
    Destination Clock Delay (DCD):    0.411ns
    Source Clock Delay      (SCD):    0.390ns
    Clock Pessimism Removal (CPR):    -0.000ns

    Location             Delay type                Incr(ns)  Path(ns)    Netlist Resource(s)
  -------------------------------------------------------------------    -------------------
                         (clock clk rise edge)        0.000     0.000 r  
                                                      0.000     0.000 r  clk (IN)
                         net (fo=820, unset)          0.390     0.390    clk
                         FDRE                                         r  ch2_pend_mag_reg[10]/C
  -------------------------------------------------------------------    -------------------
                         FDRE (Prop_fdre_C_Q)         0.158     0.548 r  ch2_pend_mag_reg[10]/Q
                         net (fo=1, unplaced)         0.119     0.667    ch2_pend_mag[10]
                         LUT5 (Prop_lut5_I4_O)        0.098     0.765 r  m_axis_tdata[10]_i_1/O
                         net (fo=1, unplaced)         0.000     0.765    p_2_in[10]
                         FDRE                                         r  m_axis_tdata_reg[10]/D
  -------------------------------------------------------------------    -------------------

                         (clock clk rise edge)        0.000     0.000 r  
                                                      0.000     0.000 r  clk (IN)
                         net (fo=820, unset)          0.411     0.411    clk
                         FDRE                                         r  m_axis_tdata_reg[10]/C
                         clock pessimism              0.000     0.411    
                         FDRE (Hold_fdre_C_D)         0.112     0.523    m_axis_tdata_reg[10]
  -------------------------------------------------------------------
                         required time                         -0.523    
                         arrival time                           0.765    
  -------------------------------------------------------------------
                         slack                                  0.242    

Slack (MET) :             0.242ns  (arrival time - required time)
  Source:                 ch2_pend_mag_reg[11]/C
                            (rising edge-triggered cell FDRE clocked by clk  {rise@0.000ns fall@5.000ns period=10.000ns})
  Destination:            m_axis_tdata_reg[11]/D
                            (rising edge-triggered cell FDRE clocked by clk  {rise@0.000ns fall@5.000ns period=10.000ns})
  Path Group:             clk
  Path Type:              Hold (Min at Fast Process Corner)
  Requirement:            0.000ns  (clk rise@0.000ns - clk rise@0.000ns)
  Data Path Delay:        0.375ns  (logic 0.256ns (68.264%)  route 0.119ns (31.737%))
  Logic Levels:           1  (LUT5=1)
  Clock Path Skew:        0.021ns (DCD - SCD - CPR)
    Destination Clock Delay (DCD):    0.411ns
    Source Clock Delay      (SCD):    0.390ns
    Clock Pessimism Removal (CPR):    -0.000ns

    Location             Delay type                Incr(ns)  Path(ns)    Netlist Resource(s)
  -------------------------------------------------------------------    -------------------
                         (clock clk rise edge)        0.000     0.000 r  
                                                      0.000     0.000 r  clk (IN)
                         net (fo=820, unset)          0.390     0.390    clk
                         FDRE                                         r  ch2_pend_mag_reg[11]/C
  -------------------------------------------------------------------    -------------------
                         FDRE (Prop_fdre_C_Q)         0.158     0.548 r  ch2_pend_mag_reg[11]/Q
                         net (fo=1, unplaced)         0.119     0.667    ch2_pend_mag[11]
                         LUT5 (Prop_lut5_I4_O)        0.098     0.765 r  m_axis_tdata[11]_i_1/O
                         net (fo=1, unplaced)         0.000     0.765    p_2_in[11]
                         FDRE                                         r  m_axis_tdata_reg[11]/D
  -------------------------------------------------------------------    -------------------

                         (clock clk rise edge)        0.000     0.000 r  
                                                      0.000     0.000 r  clk (IN)
                         net (fo=820, unset)          0.411     0.411    clk
                         FDRE                                         r  m_axis_tdata_reg[11]/C
                         clock pessimism              0.000     0.411    
                         FDRE (Hold_fdre_C_D)         0.112     0.523    m_axis_tdata_reg[11]
  -------------------------------------------------------------------
                         required time                         -0.523    
                         arrival time                           0.765    
  -------------------------------------------------------------------
                         slack                                  0.242    

Slack (MET) :             0.242ns  (arrival time - required time)
  Source:                 ch2_pend_start_reg/C
                            (rising edge-triggered cell FDRE clocked by clk  {rise@0.000ns fall@5.000ns period=10.000ns})
  Destination:            m_axis_tdata_reg[14]/D
                            (rising edge-triggered cell FDRE clocked by clk  {rise@0.000ns fall@5.000ns period=10.000ns})
  Path Group:             clk
  Path Type:              Hold (Min at Fast Process Corner)
  Requirement:            0.000ns  (clk rise@0.000ns - clk rise@0.000ns)
  Data Path Delay:        0.375ns  (logic 0.256ns (68.264%)  route 0.119ns (31.737%))
  Logic Levels:           1  (LUT5=1)
  Clock Path Skew:        0.021ns (DCD - SCD - CPR)
    Destination Clock Delay (DCD):    0.411ns
    Source Clock Delay      (SCD):    0.390ns
    Clock Pessimism Removal (CPR):    -0.000ns

    Location             Delay type                Incr(ns)  Path(ns)    Netlist Resource(s)
  -------------------------------------------------------------------    -------------------
                         (clock clk rise edge)        0.000     0.000 r  
                                                      0.000     0.000 r  clk (IN)
                         net (fo=820, unset)          0.390     0.390    clk
                         FDRE                                         r  ch2_pend_start_reg/C
  -------------------------------------------------------------------    -------------------
                         FDRE (Prop_fdre_C_Q)         0.158     0.548 r  ch2_pend_start_reg/Q
                         net (fo=1, unplaced)         0.119     0.667    ch2_pend_start
                         LUT5 (Prop_lut5_I4_O)        0.098     0.765 r  m_axis_tdata[14]_i_1/O
                         net (fo=2, unplaced)         0.000     0.765    p_2_in[14]
                         FDRE                                         r  m_axis_tdata_reg[14]/D
  -------------------------------------------------------------------    -------------------

                         (clock clk rise edge)        0.000     0.000 r  
                                                      0.000     0.000 r  clk (IN)
                         net (fo=820, unset)          0.411     0.411    clk
                         FDRE                                         r  m_axis_tdata_reg[14]/C
                         clock pessimism              0.000     0.411    
                         FDRE (Hold_fdre_C_D)         0.112     0.523    m_axis_tdata_reg[14]
  -------------------------------------------------------------------
                         required time                         -0.523    
                         arrival time                           0.765    
  -------------------------------------------------------------------
                         slack                                  0.242    

Slack (MET) :             0.242ns  (arrival time - required time)
  Source:                 ch2_pend_idx_reg[0]/C
                            (rising edge-triggered cell FDRE clocked by clk  {rise@0.000ns fall@5.000ns period=10.000ns})
  Destination:            m_axis_tdata_reg[15]/D
                            (rising edge-triggered cell FDRE clocked by clk  {rise@0.000ns fall@5.000ns period=10.000ns})
  Path Group:             clk
  Path Type:              Hold (Min at Fast Process Corner)
  Requirement:            0.000ns  (clk rise@0.000ns - clk rise@0.000ns)
  Data Path Delay:        0.375ns  (logic 0.256ns (68.264%)  route 0.119ns (31.737%))
  Logic Levels:           1  (LUT5=1)
  Clock Path Skew:        0.021ns (DCD - SCD - CPR)
    Destination Clock Delay (DCD):    0.411ns
    Source Clock Delay      (SCD):    0.390ns
    Clock Pessimism Removal (CPR):    -0.000ns

    Location             Delay type                Incr(ns)  Path(ns)    Netlist Resource(s)
  -------------------------------------------------------------------    -------------------
                         (clock clk rise edge)        0.000     0.000 r  
                                                      0.000     0.000 r  clk (IN)
                         net (fo=820, unset)          0.390     0.390    clk
                         FDRE                                         r  ch2_pend_idx_reg[0]/C
  -------------------------------------------------------------------    -------------------
                         FDRE (Prop_fdre_C_Q)         0.158     0.548 r  ch2_pend_idx_reg[0]/Q
                         net (fo=1, unplaced)         0.119     0.667    ch2_pend_idx[0]
                         LUT5 (Prop_lut5_I4_O)        0.098     0.765 r  m_axis_tdata[15]_i_1/O
                         net (fo=1, unplaced)         0.000     0.765    p_2_in[15]
                         FDRE                                         r  m_axis_tdata_reg[15]/D
  -------------------------------------------------------------------    -------------------

                         (clock clk rise edge)        0.000     0.000 r  
                                                      0.000     0.000 r  clk (IN)
                         net (fo=820, unset)          0.411     0.411    clk
                         FDRE                                         r  m_axis_tdata_reg[15]/C
                         clock pessimism              0.000     0.411    
                         FDRE (Hold_fdre_C_D)         0.112     0.523    m_axis_tdata_reg[15]
  -------------------------------------------------------------------
                         required time                         -0.523    
                         arrival time                           0.765    
  -------------------------------------------------------------------
                         slack                                  0.242    





Pulse Width Checks
--------------------------------------------------------------------------------------
Clock Name:         clk
Waveform(ns):       { 0.000 5.000 }
Period(ns):         10.000
Sources:            { clk }

Check Type        Corner  Lib Pin  Reference Pin  Required(ns)  Actual(ns)  Slack(ns)  Location  Pin
Min Period        n/a     FDRE/C   n/a            1.000         10.000      9.000                ch1_pend_idx_reg[0]/C
Min Period        n/a     FDRE/C   n/a            1.000         10.000      9.000                ch1_pend_idx_reg[10]/C
Min Period        n/a     FDRE/C   n/a            1.000         10.000      9.000                ch1_pend_idx_reg[11]/C
Min Period        n/a     FDRE/C   n/a            1.000         10.000      9.000                ch1_pend_idx_reg[12]/C
Min Period        n/a     FDRE/C   n/a            1.000         10.000      9.000                ch1_pend_idx_reg[13]/C
Low Pulse Width   Slow    FDRE/C   n/a            0.500         5.000       4.500                ch1_pend_idx_reg[0]/C
Low Pulse Width   Fast    FDRE/C   n/a            0.500         5.000       4.500                ch1_pend_idx_reg[0]/C
Low Pulse Width   Slow    FDRE/C   n/a            0.500         5.000       4.500                ch1_pend_idx_reg[10]/C
Low Pulse Width   Fast    FDRE/C   n/a            0.500         5.000       4.500                ch1_pend_idx_reg[10]/C
Low Pulse Width   Slow    FDRE/C   n/a            0.500         5.000       4.500                ch1_pend_idx_reg[11]/C
High Pulse Width  Slow    FDRE/C   n/a            0.500         5.000       4.500                ch1_pend_idx_reg[0]/C
High Pulse Width  Fast    FDRE/C   n/a            0.500         5.000       4.500                ch1_pend_idx_reg[0]/C
High Pulse Width  Slow    FDRE/C   n/a            0.500         5.000       4.500                ch1_pend_idx_reg[10]/C
High Pulse Width  Fast    FDRE/C   n/a            0.500         5.000       4.500                ch1_pend_idx_reg[10]/C
High Pulse Width  Slow    FDRE/C   n/a            0.500         5.000       4.500                ch1_pend_idx_reg[11]/C



report_timing_summary: Time (s): cpu = 00:00:09 ; elapsed = 00:00:09 . Memory (MB): peak = 2604.949 ; gain = 311.984 ; free physical = 18199 ; free virtual = 225647
# write_checkpoint -force $proj_dir/post_synth.dcp
INFO: [Timing 38-480] Writing timing data to binary archive.
Write ShapeDB Complete: Time (s): cpu = 00:00:00.01 ; elapsed = 00:00:00 . Memory (MB): peak = 2644.902 ; gain = 0.000 ; free physical = 18196 ; free virtual = 225644
INFO: [Common 17-1381] The checkpoint '/home/eea/emeye_synth/emeye_accel_synth/post_synth.dcp' has been generated.
# puts "============================================================"
============================================================
# puts "  DONE - synthesis successful"
  DONE - synthesis successful
# puts "============================================================"
============================================================
INFO: [Common 17-206] Exiting Vivado at Wed May 13 21:31:21 2026...
